Entry[0] = GameGrid.java
Entry[1] = StartGame.java
Entry[2] = rules/Play.java
Entry[3] = rules/Win.java
