public ThisClass extends junit.framework.TestCase
description=
 imports=[java.io.File, junit.framework.TestCase, org.approvaltests.Approvals, org.approvaltests.UseReporter, sourceagile.server.doclet.GetClassDoc, sourceagile.shared.Entry, sourceagile.shared.Project, sourceagile.shared.User, sourceagile.shared.data.ProjectsData, sourceagile.shared.data.UserData, com.spun.util.io.FileUtils]
 -- constructors --
[0] = RepositoryClassLoaderTest()

 -- fields --
.length = 0
 -- methods --
[0] = testFeaturesList()
[1] = testGetEntryFeature()

 todo=false]
